// Jest Snapshot v1, https://goo.gl/fbAQLP

exports[`render default Login 1`] = `
<View
  style={
    Object {
      "alignItems": "center",
      "backgroundColor": "#F5FCFF",
      "flex": 1,
      "justifyContent": "center",
    }
  }
>
  <TextInput
    allowFontScaling={true}
    autoCapitalize="none"
    autoFocus={true}
    onChangeText={[Function]}
    onSubmitEditing={[Function]}
    placeholder="Username"
    rejectResponderTermination={true}
    returnKeyType="done"
    style={
      Object {
        "backgroundColor": "#f8f8f8",
        "borderColor": "#ededed",
        "borderRadius": 22.5,
        "borderStyle": "solid",
        "borderWidth": 1,
        "fontSize": 18,
        "height": 45,
        "marginBottom": 15,
        "shadowColor": "rgba(191, 191, 191, 0.5)",
        "shadowOffset": Object {
          "height": 2,
          "width": 0,
        },
        "shadowOpacity": 1,
        "shadowRadius": 4,
        "textAlign": "center",
        "width": 600,
      }
    }
    underlineColorAndroid="transparent"
  />
  <View
    accessible={true}
    clickable={true}
    isTVSelectable={true}
    onClick={[Function]}
    onResponderGrant={[Function]}
    onResponderMove={[Function]}
    onResponderRelease={[Function]}
    onResponderTerminate={[Function]}
    onResponderTerminationRequest={[Function]}
    onStartShouldSetResponder={[Function]}
    style={
      Object {
        "opacity": 1,
      }
    }
  >
    <View
      style={
        Array [
          Object {
            "alignItems": "center",
            "backgroundColor": "#0087E9",
            "borderRadius": 8,
            "justifyContent": "center",
            "paddingHorizontal": 20,
            "paddingVertical": 10,
          },
          Object {
            "borderRadius": 22.5,
            "height": 45,
            "width": 600,
          },
        ]
      }
    >
      <Text
        style={
          Array [
            Object {
              "color": "white",
              "fontSize": 16,
            },
            undefined,
          ]
        }
      >
        Continue
      </Text>
    </View>
  </View>
</View>
`;
