// Jest Snapshot v1, https://goo.gl/fbAQLP

exports[`rendering should render correctly 1`] = `
<Touchable
  onPress={[MockFunction]}
>
  <View
    style={
      Array [
        Object {
          "alignItems": "center",
          "backgroundColor": "#0087E9",
          "borderRadius": 8,
          "justifyContent": "center",
          "paddingHorizontal": 20,
          "paddingVertical": 10,
        },
        undefined,
      ]
    }
  >
    <Text
      style={
        Array [
          Object {
            "color": "white",
            "fontSize": 16,
          },
          undefined,
        ]
      }
    >
      Awesome Button
    </Text>
  </View>
</Touchable>
`;
